Loaded 155 existing events from soccer-calendar.ics
    range queries work for eng.1
  ✓ Premier League [eng.1]: 380 fixtures, 108 kept (10 requests, budget left 890)
    range queries work for esp.1
  ✓ LaLiga [esp.1]: 380 fixtures, 38 kept (10 requests, budget left 880)
  ✓ UEFA Champions League [uefa.champions]: 0 fixtures, 0 kept (17 requests, budget left 863)
    range queries work for uefa.champions_qual
  ✓ UCL Qualifying [uefa.champions_qual]: 14 fixtures, 0 kept (2 requests, budget left 861)
    range queries work for uefa.super_cup
  ✓ UEFA Super Cup [uefa.super_cup]: 1 fixtures, 1 kept (14 requests, budget left 847)
    range queries work for eng.charity
  ✓ FA Community Shield [eng.charity]: 1 fixtures, 1 kept (1 requests, budget left 846)
    range queries work for esp.super_cup
  ✓ Supercopa de España [esp.super_cup]: 2 fixtures, 2 kept (10 requests, budget left 836)
  ✓ FA Cup [eng.fa]: 0 fixtures, 0 kept (17 requests, budget left 819)
    range queries work for eng.league_cup
  ✓ Carabao Cup [eng.league_cup]: 23 fixtures, 0 kept (11 requests, budget left 808)
  ✓ Copa del Rey [esp.copa_del_rey]: 0 fixtures, 0 kept (17 requests, budget left 791)
  ✓ FIFA Club World Cup [fifa.cwc]: 0 fixtures, 0 kept (17 requests, budget left 774)
  ✓ FIFA Intercontinental Cup [fifa.intercontinental_cup]: 0 fixtures, 0 kept (12 requests, budget left 762)
    range queries work for club.friendly
  ✓ Club Friendly [club.friendly]: 162 fixtures, 1 kept (2 requests, budget left 760)
    range queries work for uefa.nations
  ✓ UEFA Nations League [uefa.nations]: 156 fixtures, 6 kept (15 requests, budget left 745)
  ✓ UEFA Euro Qualifying [uefa.euroq]: 0 fixtures, 0 kept (17 requests, budget left 728)
  ✓ UEFA European Championship [uefa.euro]: 0 fixtures, 0 kept (17 requests, budget left 711)
  ✓ World Cup Qualifying - UEFA [fifa.worldq.uefa]: 0 fixtures, 0 kept (17 requests, budget left 694)
  ✓ FIFA World Cup [fifa.world]: 0 fixtures, 0 kept (8 requests, budget left 686)
    range queries work for fifa.friendly
  ✓ International Friendly [fifa.friendly]: 30 fixtures, 0 kept (3 requests, budget left 683)
    range queries work for fifa.friendly.w
  ✓ Women's International Friendly [fifa.friendly.w]: 7 fixtures, 2 kept (1 requests, budget left 682)
  ✓ SheBelieves Cup [fifa.shebelieves]: 0 fixtures, 0 kept (17 requests, budget left 665)
  ✓ U.S. Soccer Match [generic.ussf]: 0 fixtures, 0 kept (17 requests, budget left 648)
  ✓ Concacaf W Gold Cup [concacaf.w.gold]: 0 fixtures, 0 kept (17 requests, budget left 631)
  ✓ Women's Olympic Football [fifa.w.olympics]: 0 fixtures, 0 kept (17 requests, budget left 614)
  ✓ FIFA Women's World Cup [fifa.wwc]: 0 fixtures, 0 kept (17 requests, budget left 597)
  ✓ Finalissima [global.finalissima]: 0 fixtures, 0 kept (9 requests, budget left 588)

added 9 · updated 148 · unchanged 0 · preserved 7 · pruned 0 · skipped-already-played 2
  added:   2026-10-11 11:30 Liverpool vs Manchester City (Premier League)
  added:   2026-10-18 09:00 Leeds United vs Manchester United (Premier League)
  added:   2026-10-18 11:30 Nottingham Forest vs Arsenal (Premier League)
  added:   2026-10-25 10:00 Manchester United vs AFC Bournemouth (Premier League)
  added:   2026-11-01 11:30 Liverpool vs Arsenal (Premier League)
  added:   2027-02-02 15:00 Barcelona vs Atlético Madrid (Supercopa de España)
  added:   2027-02-02 15:00 Real Sociedad vs Real Madrid (Supercopa de España)
  added:   2026-10-10 14:30 United States vs Spain (Women's International Friendly)
  added:   2026-10-13 19:00 United States vs Spain (Women's International Friendly)
  updated: Arsenal vs Coventry City (Premier League)
  updated: Hull City vs Manchester United (Premier League)
  updated: Manchester City vs AFC Bournemouth (Premier League)
  updated: Crystal Palace vs Manchester City (Premier League)
  updated: Manchester United vs Ipswich Town (Premier League)
  updated: Aston Villa vs Arsenal (Premier League)
  updated: Manchester City vs Coventry City (Premier League)
  updated: Everton vs Manchester United (Premier League)
  updated: Arsenal vs Chelsea (Premier League)
  updated: Sunderland vs Arsenal (Premier League)
  updated: Manchester United vs Manchester City (Premier League)
  updated: Brighton & Hove Albion vs Arsenal (Premier League)
  updated: Manchester City vs Sunderland (Premier League)
  updated: Fulham vs Manchester United (Premier League)
  updated: Arsenal vs Leeds United (Premier League)
  updated: Manchester United vs Tottenham Hotspur (Premier League)
  updated: Manchester City vs Ipswich Town (Premier League)
  updated: Aston Villa vs Manchester City (Premier League)
  updated: Arsenal vs Everton (Premier League)
  updated: Chelsea vs Manchester United (Premier League)
  updated: Manchester City vs Brighton & Hove Albion (Premier League)
  updated: Arsenal vs Hull City (Premier League)
  updated: Manchester United vs Aston Villa (Premier League)
  updated: Nottingham Forest vs Manchester City (Premier League)
  updated: Liverpool vs Manchester United (Premier League)
  updated: Manchester City vs Fulham (Premier League)
  updated: Newcastle United vs Arsenal (Premier League)
  updated: Arsenal vs Manchester City (Premier League)
  updated: Manchester United vs Brentford (Premier League)
  updated: Brentford vs Arsenal (Premier League)
  updated: Manchester City vs Leeds United (Premier League)
  … and 117 more (routine updates; run with -q to hide detail)
Wrote soccer-calendar.ics (164 events)
